
> analytics@0.1.0 build
> next build

Γû▓ Next.js 16.1.1 (Turbopack)
- Environments: .env.local

  Creating an optimized production build ...
Γ£ô Compiled successfully in 6.1s
  Running TypeScript ...
node.exe : Failed to compile.
At line:1 char:1
+ & "C:\Program Files\nodejs/node.exe" "C:\Program Files\nodejs/node_mo ...
+ ~~~~~~~~~~~~~~~~~~~~~~~~~~~~~~~~~~~~~~~~~~~~~~~~~~~~~~~~~~~~~~~~~~~~~
    + CategoryInfo          : NotSpecified: (Failed to compile.:String) [], Re 
   moteException
    + FullyQualifiedErrorId : NativeCommandError
 

./src/app/api/scheduling/route.ts:149:11
Type error: Cannot find name 'getDoc'. Did you mean 'getDocs'?

[0m [90m 147 |[39m         [36mconst[39m docRef [33m=[39m 
doc(db[33m,[39m [32m'schedules'[39m[33m,[39m jobKey)[33m;[39m
 [90m 148 |[39m         [36mconst[39m docSnap [33m=[39m [36mawait[39m 
withTimeout(
[31m[1m>[22m[39m[90m 149 |[39m           getDoc(docRef)[33m,[39m
 [90m     |[39m           [31m[1m^[22m[39m
 [90m 150 |[39m           [33mFIRESTORE_TIMEOUT_MS[39m[33m,[39m
 [90m 151 |[39m           [32m'getSchedule'[39m
 [90m 152 |[39m         )[33m;[39m[0m
Next.js build worker exited with code: 1 and signal: null
