
> analytics@0.1.0 build
> next build

Γû▓ Next.js 16.1.1 (Turbopack)
- Environments: .env.local

  Creating an optimized production build ...
Γ£ô Compiled successfully in 6.4s
  Running TypeScript ...
node.exe : Failed to compile.
At line:1 char:1
+ & "C:\Program Files\nodejs/node.exe" "C:\Program Files\nodejs/node_mo ...
+ ~~~~~~~~~~~~~~~~~~~~~~~~~~~~~~~~~~~~~~~~~~~~~~~~~~~~~~~~~~~~~~~~~~~~~
    + CategoryInfo          : NotSpecified: (Failed to compile.:String) [], Re 
   moteException
    + FullyQualifiedErrorId : NativeCommandError
 

./src/app/api/daySchedule/route.ts:14:20
Type error: Cannot find name 'doc'.

[0m [90m 12 |[39m     }
 [90m 13 |[39m
[31m[1m>[22m[39m[90m 14 |[39m     [36mconst[39m docRef [33m=[39m 
doc(db[33m,[39m [32m"daySchedules"[39m[33m,[39m jobKey)[33m;[39m
 [90m    |[39m                    [31m[1m^[22m[39m
 [90m 15 |[39m     [36mconst[39m docSnap [33m=[39m [36mawait[39m 
getDoc(docRef)[33m;[39m
 [90m 16 |[39m
 [90m 17 |[39m     [36mif[39m (docSnap[33m.[39mexists()) {[0m
Next.js build worker exited with code: 1 and signal: null
